PS C:\samurai_kadai> mkdir git_challenge


    ディレクトリ: C:\samurai_kadai


Mode                 LastWriteTime         Length Name
----                 -------------         ------ ----
d-----        2025/07/27     17:19                git_challenge


PS C:\samurai_kadai> cd git_challenge   
PS C:\samurai_kadai\git_challenge> git init
Initialized empty Git repository in C:/samurai_kadai/git_challenge/.git/
#テキストファイルに"Hello, world!"を追記
PS C:\samurai_kadai\git_challenge> git add hello_world.txt
PS C:\samurai_kadai\git_challenge> git commit -m "一回目のコミット"
[main (root-commit) 13c48ad] 一回目のコミット
 1 file changed, 1 insertion(+)
 create mode 100644 hello_world.txt
#テキストファイルに"こんにちは、世界！"を追記
PS C:\samurai_kadai\git_challenge> git add hello_world.txt
PS C:\samurai_kadai\git_challenge> git commit -m "二回目のコミット"
[main 43f5e13] 二回目のコミット
 1 file changed, 2 insertions(+), 1 deletion(-)
PS C:\samurai_kadai\git_challenge> git log --oneline
43f5e13 (HEAD -> main) 二回目のコミット
13c48ad 一回目のコミット
