PS C:\samurai_kadai> mkdir git_challenge


    ディレクトリ: C:\samurai_kadai


Mode                 LastWriteTime         Length Name
----                 -------------         ------ ----
d-----        2025/07/27      0:00                git_challenge


PS C:\samurai_kadai> cd git_challenge   
PS C:\samurai_kadai\git_challenge> git init
Initialized empty Git repository in C:/samurai_kadai/git_challenge/.git/
PS C:\samurai_kadai\git_challenge> git add hello_world.txt
PS C:\samurai_kadai\git_challenge> git commit -m "一回目のコミット"              
[main (root-commit) ac00b54] 一回目のコミット
 1 file changed, 0 insertions(+), 0 deletions(-)
 create mode 100644 hello_world.txt
PS C:\samurai_kadai\git_challenge> git add hello_world.txt
PS C:\samurai_kadai\git_challenge> git commit -m "二回目のコミット"
[main 0cc0c6e] 二回目のコミット
 1 file changed, 1 insertion(+)
PS C:\samurai_kadai\git_challenge> git log --oneline
0cc0c6e (HEAD -> main) 二回目のコミット
ac00b54 一回目のコミット
